MPLINK 4.35, Linker
Linker Map File - Created Thu Nov 07 05:25:53 2013

                                 Section Info
                  Section       Type    Address   Location Size(Bytes)
                ---------  ---------  ---------  ---------  ---------
               _entry_scn       code   0x000000    program   0x000006
           .code___init.o       code   0x000006    program   0x000002
      InterruptVectorHigh       code   0x000008    program   0x000006
                   .cinit    romdata   0x00000e    program   0x00000e
     .code_TEST_COMPLET.o       code   0x00001c    program   0x001556
  .romdata_TEST_COMPLET.o    romdata   0x001572    program   0x0001c6
                   STDLIB       code   0x001738    program   0x000134
         .code_i2c_eerr.o       code   0x00186c    program   0x0000e4
               _cinit_scn       code   0x001950    program   0x00009e
         .code_i2c_eebw.o       code   0x0019ee    program   0x00009a
         .code_i2c_eeap.o       code   0x001a88    program   0x000084
         .code_i2c_writ.o       code   0x001b0c    program   0x000072
                    .code       code   0x001b7e    program   0x000020
             _startup_scn       code   0x001b9e    program   0x00001c
         .code_i2c_idle.o       code   0x001bba    program   0x00000e
         .idata_c018i.o_i    romdata   0x001bc8    program   0x000000
         .romdata_c018i.o    romdata   0x001bc8    program   0x000000
        .romdata___init.o    romdata   0x001bc8    program   0x000000
        .idata___init.o_i    romdata   0x001bc8    program   0x000000
      .romdata_i2c_writ.o    romdata   0x001bc8    program   0x000000
      .idata_i2c_writ.o_i    romdata   0x001bc8    program   0x000000
      .romdata_i2c_idle.o    romdata   0x001bc8    program   0x000000
      .idata_i2c_idle.o_i    romdata   0x001bc8    program   0x000000
      .romdata_i2c_eerr.o    romdata   0x001bc8    program   0x000000
      .idata_i2c_eerr.o_i    romdata   0x001bc8    program   0x000000
  .idata_TEST_COMPLET.o_i    romdata   0x001bc8    program   0x00002c
      .romdata_i2c_eebw.o    romdata   0x001bc8    program   0x000000
      .idata_i2c_eebw.o_i    romdata   0x001bc8    program   0x000000
             .stringtable    romdata   0x001bc8    program   0x000000
      .romdata_i2c_eeap.o    romdata   0x001bc8    program   0x000000
      .idata_i2c_eeap.o_i    romdata   0x001bc8    program   0x000000
            .code_c018i.o       code   0x001bf4    program   0x000000
.config_300001_TEST_COMPLET.o    romdata   0x300001    program   0x000001
.config_300003_TEST_COMPLET.o    romdata   0x300003    program   0x000001
.config_300006_TEST_COMPLET.o    romdata   0x300006    program   0x000001
.config_300009_TEST_COMPLET.o    romdata   0x300009    program   0x000001
                 .tmpdata      udata   0x000000       data   0x000004
                MATH_DATA      udata   0x000004       data   0x000002
              ITHaute_tmp      udata   0x000006       data   0x000002
    .udata_TEST_COMPLET.o      udata   0x000080       data   0x000052
    .idata_TEST_COMPLET.o      idata   0x0000d2       data   0x00002c
          .idata___init.o      idata   0x0000fe       data   0x000000
          .udata___init.o      udata   0x0000fe       data   0x000000
        .idata_i2c_writ.o      idata   0x0000fe       data   0x000000
        .udata_i2c_writ.o      udata   0x0000fe       data   0x000000
        .idata_i2c_idle.o      idata   0x0000fe       data   0x000000
        .udata_i2c_idle.o      udata   0x0000fe       data   0x000000
        .idata_i2c_eerr.o      idata   0x0000fe       data   0x000000
        .udata_i2c_eerr.o      udata   0x0000fe       data   0x000000
        .idata_i2c_eebw.o      idata   0x0000fe       data   0x000000
        .udata_i2c_eebw.o      udata   0x0000fe       data   0x000000
        .idata_i2c_eeap.o      idata   0x0000fe       data   0x000000
        .udata_i2c_eeap.o      udata   0x0000fe       data   0x000000
           .idata_c018i.o      idata   0x0000fe       data   0x000000
           .udata_c018i.o      udata   0x000100       data   0x00000a
                   .stack      udata   0x000500       data   0x000100
            SFR_UNBANKED0      udata   0x000f80       data   0x000080



                              Program Memory Usage 
                               Start         End      
                           ---------   ---------      
                            0x000000    0x001bf3      
                            0x300001    0x300001      
                            0x300003    0x300003      
                            0x300006    0x300006      
                            0x300009    0x300009      
            7160 out of 33048 program addresses used, program memory utilization is 21%



                              Symbols - Sorted by Name
                     Name    Address   Location    Storage File                     
                ---------  ---------  ---------  --------- ---------                
             EEAckPolling   0x001a88    program     extern C:\MCC18\src\pmc_common\i2c\i2c_eeap.c
              EEByteWrite   0x0019ee    program     extern C:\MCC18\src\pmc_common\i2c\i2c_eebw.c
             EERandomRead   0x00186c    program     extern C:\MCC18\src\pmc_common\i2c\i2c_eerr.c
              EcritChaine   0x001016    program     extern D:\Documents de Paul\Cours_ISMEA_-_ISFEN\Conception Produits\Robot 2013_2014\MAP_Cablage_Phase1\Programme_TEST_COMPLET\TEST_COMPLET.c
           EcritChaineRom   0x000fa8    program     extern D:\Documents de Paul\Cours_ISMEA_-_ISFEN\Conception Produits\Robot 2013_2014\MAP_Cablage_Phase1\Programme_TEST_COMPLET\TEST_COMPLET.c
               EcritOctet   0x000f0e    program     extern D:\Documents de Paul\Cours_ISMEA_-_ISFEN\Conception Produits\Robot 2013_2014\MAP_Cablage_Phase1\Programme_TEST_COMPLET\TEST_COMPLET.c
                  ITHaute   0x000d8c    program     extern D:\Documents de Paul\Cours_ISMEA_-_ISFEN\Conception Produits\Robot 2013_2014\MAP_Cablage_Phase1\Programme_TEST_COMPLET\TEST_COMPLET.c
                  IdleI2C   0x001bba    program     extern C:\MCC18\src\pmc_common\i2c\i2c_idle.c
      InterruptVectorHigh   0x000008    program     extern D:\Documents de Paul\Cours_ISMEA_-_ISFEN\Conception Produits\Robot 2013_2014\MAP_Cablage_Phase1\Programme_TEST_COMPLET\TEST_COMPLET.c
            LitChaineUart   0x000f2c    program     extern D:\Documents de Paul\Cours_ISMEA_-_ISFEN\Conception Produits\Robot 2013_2014\MAP_Cablage_Phase1\Programme_TEST_COMPLET\TEST_COMPLET.c
                 LitOctet   0x000eae    program     extern D:\Documents de Paul\Cours_ISMEA_-_ISFEN\Conception Produits\Robot 2013_2014\MAP_Cablage_Phase1\Programme_TEST_COMPLET\TEST_COMPLET.c
                   Mesure   0x000ad6    program     extern D:\Documents de Paul\Cours_ISMEA_-_ISFEN\Conception Produits\Robot 2013_2014\MAP_Cablage_Phase1\Programme_TEST_COMPLET\TEST_COMPLET.c
                  Moyenne   0x000b94    program     extern D:\Documents de Paul\Cours_ISMEA_-_ISFEN\Conception Produits\Robot 2013_2014\MAP_Cablage_Phase1\Programme_TEST_COMPLET\TEST_COMPLET.c
                Octet_i2c   0x000cac    program     extern D:\Documents de Paul\Cours_ISMEA_-_ISFEN\Conception Produits\Robot 2013_2014\MAP_Cablage_Phase1\Programme_TEST_COMPLET\TEST_COMPLET.c
                  OneByte   0x00185a    program     static C:\MCC18\src\traditional\stdclib\itobcd.asm
                ProcLower   0x00180e    program     static C:\MCC18\src\traditional\stdclib\itoa.asm
                ProcUpper   0x001804    program     static C:\MCC18\src\traditional\stdclib\itoa.asm
         Read_REC_Telecom   0x0013a4    program     extern D:\Documents de Paul\Cours_ISMEA_-_ISFEN\Conception Produits\Robot 2013_2014\MAP_Cablage_Phase1\Programme_TEST_COMPLET\TEST_COMPLET.c
              SONAR_Ecrit   0x0010f2    program     extern D:\Documents de Paul\Cours_ISMEA_-_ISFEN\Conception Produits\Robot 2013_2014\MAP_Cablage_Phase1\Programme_TEST_COMPLET\TEST_COMPLET.c
                SONAR_Lit   0x001262    program     extern D:\Documents de Paul\Cours_ISMEA_-_ISFEN\Conception Produits\Robot 2013_2014\MAP_Cablage_Phase1\Programme_TEST_COMPLET\TEST_COMPLET.c
              SONAR_Valid   0x001194    program     extern D:\Documents de Paul\Cours_ISMEA_-_ISFEN\Conception Produits\Robot 2013_2014\MAP_Cablage_Phase1\Programme_TEST_COMPLET\TEST_COMPLET.c
                 TstLower   0x0017f8    program     static C:\MCC18\src\traditional\stdclib\itoa.asm
                 TstUpper   0x0017f2    program     static C:\MCC18\src\traditional\stdclib\itoa.asm
                 WriteI2C   0x001b0c    program     extern C:\MCC18\src\pmc_common\i2c\i2c_writ.c
         ___else_lbl00127   0x000e32    program     static                          
           ___if_lbl00121   0x000dc6    program     static                          
           ___if_lbl00122   0x000de8    program     static                          
           ___if_lbl00123   0x000df6    program     static                          
           ___if_lbl00124   0x000df6    program     static                          
           ___if_lbl00125   0x000dfa    program     static                          
           ___if_lbl00126   0x000e5c    program     static                          
           ___if_lbl00128   0x000e5c    program     static                          
           ___if_lbl00129   0x000e90    program     static                          
           ___if_lbl00130   0x000e94    program     static                          
           ___if_lbl00131   0x000e9e    program     static                          
       ___return_lbl00000   0x000004    program     static                          
       ___return_lbl00001   0x001bb8    program     static                          
       ___return_lbl00002   0x0019ec    program     static                          
       ___return_lbl00119   0x00000c    program     static                          
       ___return_lbl00120   0x000e9e    program     static                          
               __config_0   0x300001    program     static D:\Documents de Paul\Cours_ISMEA_-_ISFEN\Conception Produits\Robot 2013_2014\MAP_Cablage_Phase1\Programme_TEST_COMPLET\TEST_COMPLET.c
               __config_1   0x300003    program     static D:\Documents de Paul\Cours_ISMEA_-_ISFEN\Conception Produits\Robot 2013_2014\MAP_Cablage_Phase1\Programme_TEST_COMPLET\TEST_COMPLET.c
               __config_2   0x300006    program     static D:\Documents de Paul\Cours_ISMEA_-_ISFEN\Conception Produits\Robot 2013_2014\MAP_Cablage_Phase1\Programme_TEST_COMPLET\TEST_COMPLET.c
               __config_3   0x300009    program     static D:\Documents de Paul\Cours_ISMEA_-_ISFEN\Conception Produits\Robot 2013_2014\MAP_Cablage_Phase1\Programme_TEST_COMPLET\TEST_COMPLET.c
                   __init   0x000006    program     extern C:\MCC18\src\traditional\stdclib\__init.c
                   __pa_0   0x001afc    program     static C:\MCC18\src\pmc_common\i2c\i2c_eeap.c
                   __pa_0   0x001a7a    program     static C:\MCC18\src\pmc_common\i2c\i2c_eebw.c
                   __pa_0   0x001942    program     static C:\MCC18\src\pmc_common\i2c\i2c_eerr.c
              __tmplbl_59   0x0000f6    program     static                          
            __zero_memory   0x001b7e    program     extern C:\MCC18\src\traditional\proc\p18F2520.asm
                _do_cinit   0x001950    program     extern C:\MCC18\src\traditional\startup\c018i.c
                   _entry   0x000000    program     extern C:\MCC18\src\traditional\startup\c018i.c
                 _startup   0x001b9e    program     extern C:\MCC18\src\traditional\startup\c018i.c
                      bas   0x0016d9    program     extern D:\Documents de Paul\Cours_ISMEA_-_ISFEN\Conception Produits\Robot 2013_2014\MAP_Cablage_Phase1\Programme_TEST_COMPLET\TEST_COMPLET.c
            carUSARTdispo   0x000efa    program     extern D:\Documents de Paul\Cours_ISMEA_-_ISFEN\Conception Produits\Robot 2013_2014\MAP_Cablage_Phase1\Programme_TEST_COMPLET\TEST_COMPLET.c
                   centre   0x001708    program     extern D:\Documents de Paul\Cours_ISMEA_-_ISFEN\Conception Produits\Robot 2013_2014\MAP_Cablage_Phase1\Programme_TEST_COMPLET\TEST_COMPLET.c
                chenilleD   0x001718    program     extern D:\Documents de Paul\Cours_ISMEA_-_ISFEN\Conception Produits\Robot 2013_2014\MAP_Cablage_Phase1\Programme_TEST_COMPLET\TEST_COMPLET.c
                chenilleG   0x001728    program     extern D:\Documents de Paul\Cours_ISMEA_-_ISFEN\Conception Produits\Robot 2013_2014\MAP_Cablage_Phase1\Programme_TEST_COMPLET\TEST_COMPLET.c
                compare_l   0x001b94    program     static C:\MCC18\src\traditional\proc\p18F2520.asm
                copy_loop   0x0019c2    program     static                          
            copy_one_byte   0x0019c8    program     static                          
                     done   0x0019ec    program     static                          
             done_copying   0x0019d6    program     static                          
                   droite   0x0016f8    program     extern D:\Documents de Paul\Cours_ISMEA_-_ISFEN\Conception Produits\Robot 2013_2014\MAP_Cablage_Phase1\Programme_TEST_COMPLET\TEST_COMPLET.c
                   gauche   0x0016e8    program     extern D:\Documents de Paul\Cours_ISMEA_-_ISFEN\Conception Produits\Robot 2013_2014\MAP_Cablage_Phase1\Programme_TEST_COMPLET\TEST_COMPLET.c
                     haut   0x0016ca    program     extern D:\Documents de Paul\Cours_ISMEA_-_ISFEN\Conception Produits\Robot 2013_2014\MAP_Cablage_Phase1\Programme_TEST_COMPLET\TEST_COMPLET.c
                     help   0x0016b0    program     extern D:\Documents de Paul\Cours_ISMEA_-_ISFEN\Conception Produits\Robot 2013_2014\MAP_Cablage_Phase1\Programme_TEST_COMPLET\TEST_COMPLET.c
                     init   0x0009a6    program     extern D:\Documents de Paul\Cours_ISMEA_-_ISFEN\Conception Produits\Robot 2013_2014\MAP_Cablage_Phase1\Programme_TEST_COMPLET\TEST_COMPLET.c
                  initial   0x00157f    program     extern D:\Documents de Paul\Cours_ISMEA_-_ISFEN\Conception Produits\Robot 2013_2014\MAP_Cablage_Phase1\Programme_TEST_COMPLET\TEST_COMPLET.c
                   itoBCD   0x001818    program     extern C:\MCC18\src\traditional\stdclib\itobcd.asm
                     itoa   0x001738    program     extern C:\MCC18\src\traditional\stdclib\itoa.asm
                     jDo1   0x0017be    program     static C:\MCC18\src\traditional\stdclib\itoa.asm
                     jDo2   0x0017ba    program     static C:\MCC18\src\traditional\stdclib\itoa.asm
                     jDo3   0x0017b6    program     static C:\MCC18\src\traditional\stdclib\itoa.asm
                     jDo4   0x0017b2    program     static C:\MCC18\src\traditional\stdclib\itoa.asm
                     jDo5   0x0017ae    program     static C:\MCC18\src\traditional\stdclib\itoa.asm
                     jEnd   0x001856    program     static C:\MCC18\src\traditional\stdclib\itobcd.asm
                    jLoop   0x001830    program     static C:\MCC18\src\traditional\stdclib\itobcd.asm
                jTstLowZ1   0x001802    program     static C:\MCC18\src\traditional\stdclib\itoa.asm
                jTstSign1   0x001764    program     static C:\MCC18\src\traditional\stdclib\itoa.asm
                     loop   0x001bae    program     static                          
                   loop_h   0x001b8c    program     static C:\MCC18\src\traditional\proc\p18F2520.asm
                   loop_l   0x001b96    program     static C:\MCC18\src\traditional\proc\p18F2520.asm
                     main   0x00001c    program     extern D:\Documents de Paul\Cours_ISMEA_-_ISFEN\Conception Produits\Robot 2013_2014\MAP_Cablage_Phase1\Programme_TEST_COMPLET\TEST_COMPLET.c
                    mode0   0x0015bd    program     extern D:\Documents de Paul\Cours_ISMEA_-_ISFEN\Conception Produits\Robot 2013_2014\MAP_Cablage_Phase1\Programme_TEST_COMPLET\TEST_COMPLET.c
                    mode1   0x0015d5    program     extern D:\Documents de Paul\Cours_ISMEA_-_ISFEN\Conception Produits\Robot 2013_2014\MAP_Cablage_Phase1\Programme_TEST_COMPLET\TEST_COMPLET.c
                    mode2   0x0015ee    program     extern D:\Documents de Paul\Cours_ISMEA_-_ISFEN\Conception Produits\Robot 2013_2014\MAP_Cablage_Phase1\Programme_TEST_COMPLET\TEST_COMPLET.c
                    mode3   0x001608    program     extern D:\Documents de Paul\Cours_ISMEA_-_ISFEN\Conception Produits\Robot 2013_2014\MAP_Cablage_Phase1\Programme_TEST_COMPLET\TEST_COMPLET.c
                    mode4   0x00161f    program     extern D:\Documents de Paul\Cours_ISMEA_-_ISFEN\Conception Produits\Robot 2013_2014\MAP_Cablage_Phase1\Programme_TEST_COMPLET\TEST_COMPLET.c
                    mode5   0x001636    program     extern D:\Documents de Paul\Cours_ISMEA_-_ISFEN\Conception Produits\Robot 2013_2014\MAP_Cablage_Phase1\Programme_TEST_COMPLET\TEST_COMPLET.c
                    mode6   0x001653    program     extern D:\Documents de Paul\Cours_ISMEA_-_ISFEN\Conception Produits\Robot 2013_2014\MAP_Cablage_Phase1\Programme_TEST_COMPLET\TEST_COMPLET.c
                    mode7   0x00166b    program     extern D:\Documents de Paul\Cours_ISMEA_-_ISFEN\Conception Produits\Robot 2013_2014\MAP_Cablage_Phase1\Programme_TEST_COMPLET\TEST_COMPLET.c
                    modeA   0x00169b    program     extern D:\Documents de Paul\Cours_ISMEA_-_ISFEN\Conception Produits\Robot 2013_2014\MAP_Cablage_Phase1\Programme_TEST_COMPLET\TEST_COMPLET.c
                    modeN   0x001684    program     extern D:\Documents de Paul\Cours_ISMEA_-_ISFEN\Conception Produits\Robot 2013_2014\MAP_Cablage_Phase1\Programme_TEST_COMPLET\TEST_COMPLET.c
                  newline   0x001572    program     extern D:\Documents de Paul\Cours_ISMEA_-_ISFEN\Conception Produits\Robot 2013_2014\MAP_Cablage_Phase1\Programme_TEST_COMPLET\TEST_COMPLET.c
               putrsUSART   0x00107a    program     extern D:\Documents de Paul\Cours_ISMEA_-_ISFEN\Conception Produits\Robot 2013_2014\MAP_Cablage_Phase1\Programme_TEST_COMPLET\TEST_COMPLET.c
                putsUSART   0x0010b8    program     extern D:\Documents de Paul\Cours_ISMEA_-_ISFEN\Conception Produits\Robot 2013_2014\MAP_Cablage_Phase1\Programme_TEST_COMPLET\TEST_COMPLET.c
                   separe   0x001575    program     extern D:\Documents de Paul\Cours_ISMEA_-_ISFEN\Conception Produits\Robot 2013_2014\MAP_Cablage_Phase1\Programme_TEST_COMPLET\TEST_COMPLET.c
                     stop   0x0016bd    program     extern D:\Documents de Paul\Cours_ISMEA_-_ISFEN\Conception Produits\Robot 2013_2014\MAP_Cablage_Phase1\Programme_TEST_COMPLET\TEST_COMPLET.c
                     test   0x00196a    program     static                          
                     teta   0x001579    program     extern D:\Documents de Paul\Cours_ISMEA_-_ISFEN\Conception Produits\Robot 2013_2014\MAP_Cablage_Phase1\Programme_TEST_COMPLET\TEST_COMPLET.c
               zero_block   0x001b8c    program     static C:\MCC18\src\traditional\proc\p18F2520.asm
                      ACT   0x0000a0       data     extern D:\Documents de Paul\Cours_ISMEA_-_ISFEN\Conception Produits\Robot 2013_2014\MAP_Cablage_Phase1\Programme_TEST_COMPLET\TEST_COMPLET.c
                   ADCON0   0x000fc2       data     extern C:\MCC18\src\traditional\proc\p18F2520.asm
               ADCON0bits   0x000fc2       data     extern C:\MCC18\src\traditional\proc\p18F2520.asm
                   ADCON1   0x000fc1       data     extern C:\MCC18\src\traditional\proc\p18F2520.asm
               ADCON1bits   0x000fc1       data     extern C:\MCC18\src\traditional\proc\p18F2520.asm
                   ADCON2   0x000fc0       data     extern C:\MCC18\src\traditional\proc\p18F2520.asm
               ADCON2bits   0x000fc0       data     extern C:\MCC18\src\traditional\proc\p18F2520.asm
                    ADRES   0x000fc3       data     extern C:\MCC18\src\traditional\proc\p18F2520.asm
                   ADRESH   0x000fc4       data     extern C:\MCC18\src\traditional\proc\p18F2520.asm
                   ADRESL   0x000fc3       data     extern C:\MCC18\src\traditional\proc\p18F2520.asm
                      Aff   0x0000cd       data     extern D:\Documents de Paul\Cours_ISMEA_-_ISFEN\Conception Produits\Robot 2013_2014\MAP_Cablage_Phase1\Programme_TEST_COMPLET\TEST_COMPLET.c
                   AffI2C   0x0000fd       data     extern D:\Documents de Paul\Cours_ISMEA_-_ISFEN\Conception Produits\Robot 2013_2014\MAP_Cablage_Phase1\Programme_TEST_COMPLET\TEST_COMPLET.c
                  BAUDCON   0x000fb8       data     extern C:\MCC18\src\traditional\proc\p18F2520.asm
              BAUDCONbits   0x000fb8       data     extern C:\MCC18\src\traditional\proc\p18F2520.asm
                  BAUDCTL   0x000fb8       data     extern C:\MCC18\src\traditional\proc\p18F2520.asm
              BAUDCTLbits   0x000fb8       data     extern C:\MCC18\src\traditional\proc\p18F2520.asm
                      BSR   0x000fe0       data     extern C:\MCC18\src\traditional\proc\p18F2520.asm
                     CAPT   0x00009f       data     extern D:\Documents de Paul\Cours_ISMEA_-_ISFEN\Conception Produits\Robot 2013_2014\MAP_Cablage_Phase1\Programme_TEST_COMPLET\TEST_COMPLET.c
                  CCP1CON   0x000fbd       data     extern C:\MCC18\src\traditional\proc\p18F2520.asm
              CCP1CONbits   0x000fbd       data     extern C:\MCC18\src\traditional\proc\p18F2520.asm
                  CCP2CON   0x000fba       data     extern C:\MCC18\src\traditional\proc\p18F2520.asm
              CCP2CONbits   0x000fba       data     extern C:\MCC18\src\traditional\proc\p18F2520.asm
                    CCPR1   0x000fbe       data     extern C:\MCC18\src\traditional\proc\p18F2520.asm
                   CCPR1H   0x000fbf       data     extern C:\MCC18\src\traditional\proc\p18F2520.asm
                   CCPR1L   0x000fbe       data     extern C:\MCC18\src\traditional\proc\p18F2520.asm
                    CCPR2   0x000fbb       data     extern C:\MCC18\src\traditional\proc\p18F2520.asm
                   CCPR2H   0x000fbc       data     extern C:\MCC18\src\traditional\proc\p18F2520.asm
                   CCPR2L   0x000fbb       data     extern C:\MCC18\src\traditional\proc\p18F2520.asm
                    CMCON   0x000fb4       data     extern C:\MCC18\src\traditional\proc\p18F2520.asm
                CMCONbits   0x000fb4       data     extern C:\MCC18\src\traditional\proc\p18F2520.asm
                   CVRCON   0x000fb5       data     extern C:\MCC18\src\traditional\proc\p18F2520.asm
               CVRCONbits   0x000fb5       data     extern C:\MCC18\src\traditional\proc\p18F2520.asm
                     Code   0x00009e       data     extern D:\Documents de Paul\Cours_ISMEA_-_ISFEN\Conception Produits\Robot 2013_2014\MAP_Cablage_Phase1\Programme_TEST_COMPLET\TEST_COMPLET.c
                     DDRA   0x000f92       data     extern C:\MCC18\src\traditional\proc\p18F2520.asm
                 DDRAbits   0x000f92       data     extern C:\MCC18\src\traditional\proc\p18F2520.asm
                     DDRB   0x000f93       data     extern C:\MCC18\src\traditional\proc\p18F2520.asm
                 DDRBbits   0x000f93       data     extern C:\MCC18\src\traditional\proc\p18F2520.asm
                     DDRC   0x000f94       data     extern C:\MCC18\src\traditional\proc\p18F2520.asm
                 DDRCbits   0x000f94       data     extern C:\MCC18\src\traditional\proc\p18F2520.asm
                   DurBas   0x000098       data     extern D:\Documents de Paul\Cours_ISMEA_-_ISFEN\Conception Produits\Robot 2013_2014\MAP_Cablage_Phase1\Programme_TEST_COMPLET\TEST_COMPLET.c
                  DurHaut   0x00009a       data     extern D:\Documents de Paul\Cours_ISMEA_-_ISFEN\Conception Produits\Robot 2013_2014\MAP_Cablage_Phase1\Programme_TEST_COMPLET\TEST_COMPLET.c
                   DurPWM   0x000092       data     extern D:\Documents de Paul\Cours_ISMEA_-_ISFEN\Conception Produits\Robot 2013_2014\MAP_Cablage_Phase1\Programme_TEST_COMPLET\En Tete_P2016.h
                    Duree   0x000088       data     extern D:\Documents de Paul\Cours_ISMEA_-_ISFEN\Conception Produits\Robot 2013_2014\MAP_Cablage_Phase1\Programme_TEST_COMPLET\En Tete_P2016.h
                  ECCP1AS   0x000fb6       data     extern C:\MCC18\src\traditional\proc\p18F2520.asm
              ECCP1ASbits   0x000fb6       data     extern C:\MCC18\src\traditional\proc\p18F2520.asm
                    EEADR   0x000fa9       data     extern C:\MCC18\src\traditional\proc\p18F2520.asm
                   EECON1   0x000fa6       data     extern C:\MCC18\src\traditional\proc\p18F2520.asm
               EECON1bits   0x000fa6       data     extern C:\MCC18\src\traditional\proc\p18F2520.asm
                   EECON2   0x000fa7       data     extern C:\MCC18\src\traditional\proc\p18F2520.asm
                   EEDATA   0x000fa8       data     extern C:\MCC18\src\traditional\proc\p18F2520.asm
                     ETAT   0x000080       data     static D:\Documents de Paul\Cours_ISMEA_-_ISFEN\Conception Produits\Robot 2013_2014\MAP_Cablage_Phase1\Programme_TEST_COMPLET\En Tete_P2016.h
                     FSR0   0x000fe9       data     extern C:\MCC18\src\traditional\proc\p18F2520.asm
                    FSR0H   0x000fea       data     extern C:\MCC18\src\traditional\proc\p18F2520.asm
                    FSR0L   0x000fe9       data     extern C:\MCC18\src\traditional\proc\p18F2520.asm
                     FSR1   0x000fe1       data     extern C:\MCC18\src\traditional\proc\p18F2520.asm
                    FSR1H   0x000fe2       data     extern C:\MCC18\src\traditional\proc\p18F2520.asm
                    FSR1L   0x000fe1       data     extern C:\MCC18\src\traditional\proc\p18F2520.asm
                     FSR2   0x000fd9       data     extern C:\MCC18\src\traditional\proc\p18F2520.asm
                    FSR2H   0x000fda       data     extern C:\MCC18\src\traditional\proc\p18F2520.asm
                    FSR2L   0x000fd9       data     extern C:\MCC18\src\traditional\proc\p18F2520.asm
                   FinAcq   0x0000f3       data     extern D:\Documents de Paul\Cours_ISMEA_-_ISFEN\Conception Produits\Robot 2013_2014\MAP_Cablage_Phase1\Programme_TEST_COMPLET\TEST_COMPLET.c
               Gisement_D   0x0000cf       data     extern D:\Documents de Paul\Cours_ISMEA_-_ISFEN\Conception Produits\Robot 2013_2014\MAP_Cablage_Phase1\Programme_TEST_COMPLET\TEST_COMPLET.c
                  HLVDCON   0x000fd2       data     extern C:\MCC18\src\traditional\proc\p18F2520.asm
              HLVDCONbits   0x000fd2       data     extern C:\MCC18\src\traditional\proc\p18F2520.asm
                  I2CStop   0x00009d       data     extern D:\Documents de Paul\Cours_ISMEA_-_ISFEN\Conception Produits\Robot 2013_2014\MAP_Cablage_Phase1\Programme_TEST_COMPLET\TEST_COMPLET.c
                 I2Clibre   0x00009c       data     extern D:\Documents de Paul\Cours_ISMEA_-_ISFEN\Conception Produits\Robot 2013_2014\MAP_Cablage_Phase1\Programme_TEST_COMPLET\TEST_COMPLET.c
                    INDF0   0x000fef       data     extern C:\MCC18\src\traditional\proc\p18F2520.asm
                    INDF1   0x000fe7       data     extern C:\MCC18\src\traditional\proc\p18F2520.asm
                    INDF2   0x000fdf       data     extern C:\MCC18\src\traditional\proc\p18F2520.asm
                   INTCON   0x000ff2       data     extern C:\MCC18\src\traditional\proc\p18F2520.asm
                  INTCON2   0x000ff1       data     extern C:\MCC18\src\traditional\proc\p18F2520.asm
              INTCON2bits   0x000ff1       data     extern C:\MCC18\src\traditional\proc\p18F2520.asm
                  INTCON3   0x000ff0       data     extern C:\MCC18\src\traditional\proc\p18F2520.asm
              INTCON3bits   0x000ff0       data     extern C:\MCC18\src\traditional\proc\p18F2520.asm
               INTCONbits   0x000ff2       data     extern C:\MCC18\src\traditional\proc\p18F2520.asm
                     IPR1   0x000f9f       data     extern C:\MCC18\src\traditional\proc\p18F2520.asm
                 IPR1bits   0x000f9f       data     extern C:\MCC18\src\traditional\proc\p18F2520.asm
                     IPR2   0x000fa2       data     extern C:\MCC18\src\traditional\proc\p18F2520.asm
                 IPR2bits   0x000fa2       data     extern C:\MCC18\src\traditional\proc\p18F2520.asm
                     LATA   0x000f89       data     extern C:\MCC18\src\traditional\proc\p18F2520.asm
                 LATAbits   0x000f89       data     extern C:\MCC18\src\traditional\proc\p18F2520.asm
                     LATB   0x000f8a       data     extern C:\MCC18\src\traditional\proc\p18F2520.asm
                 LATBbits   0x000f8a       data     extern C:\MCC18\src\traditional\proc\p18F2520.asm
                     LATC   0x000f8b       data     extern C:\MCC18\src\traditional\proc\p18F2520.asm
                 LATCbits   0x000f8b       data     extern C:\MCC18\src\traditional\proc\p18F2520.asm
                   LVDCON   0x000fd2       data     extern C:\MCC18\src\traditional\proc\p18F2520.asm
               LVDCONbits   0x000fd2       data     extern C:\MCC18\src\traditional\proc\p18F2520.asm
                    LuI2C   0x00008a       data     extern D:\Documents de Paul\Cours_ISMEA_-_ISFEN\Conception Produits\Robot 2013_2014\MAP_Cablage_Phase1\Programme_TEST_COMPLET\En Tete_P2016.h
                  MesBatt   0x0000dc       data     extern D:\Documents de Paul\Cours_ISMEA_-_ISFEN\Conception Produits\Robot 2013_2014\MAP_Cablage_Phase1\Programme_TEST_COMPLET\En Tete_P2016.h
                 MesDistD   0x0000d2       data     extern D:\Documents de Paul\Cours_ISMEA_-_ISFEN\Conception Produits\Robot 2013_2014\MAP_Cablage_Phase1\Programme_TEST_COMPLET\En Tete_P2016.h
                 MesDistG   0x0000d7       data     extern D:\Documents de Paul\Cours_ISMEA_-_ISFEN\Conception Produits\Robot 2013_2014\MAP_Cablage_Phase1\Programme_TEST_COMPLET\En Tete_P2016.h
                  NumConv   0x0000f1       data     extern D:\Documents de Paul\Cours_ISMEA_-_ISFEN\Conception Produits\Robot 2013_2014\MAP_Cablage_Phase1\Programme_TEST_COMPLET\TEST_COMPLET.c
                   NumEch   0x0000f2       data     extern D:\Documents de Paul\Cours_ISMEA_-_ISFEN\Conception Produits\Robot 2013_2014\MAP_Cablage_Phase1\Programme_TEST_COMPLET\TEST_COMPLET.c
                   OSCCON   0x000fd3       data     extern C:\MCC18\src\traditional\proc\p18F2520.asm
               OSCCONbits   0x000fd3       data     extern C:\MCC18\src\traditional\proc\p18F2520.asm
                  OSCTUNE   0x000f9b       data     extern C:\MCC18\src\traditional\proc\p18F2520.asm
              OSCTUNEbits   0x000f9b       data     extern C:\MCC18\src\traditional\proc\p18F2520.asm
                   OldCde   0x00008b       data     extern D:\Documents de Paul\Cours_ISMEA_-_ISFEN\Conception Produits\Robot 2013_2014\MAP_Cablage_Phase1\Programme_TEST_COMPLET\En Tete_P2016.h
                       PC   0x000ff9       data     extern C:\MCC18\src\traditional\proc\p18F2520.asm
                      PCL   0x000ff9       data     extern C:\MCC18\src\traditional\proc\p18F2520.asm
                   PCLATH   0x000ffa       data     extern C:\MCC18\src\traditional\proc\p18F2520.asm
                   PCLATU   0x000ffb       data     extern C:\MCC18\src\traditional\proc\p18F2520.asm
                     PIE1   0x000f9d       data     extern C:\MCC18\src\traditional\proc\p18F2520.asm
                 PIE1bits   0x000f9d       data     extern C:\MCC18\src\traditional\proc\p18F2520.asm
                     PIE2   0x000fa0       data     extern C:\MCC18\src\traditional\proc\p18F2520.asm
                 PIE2bits   0x000fa0       data     extern C:\MCC18\src\traditional\proc\p18F2520.asm
                     PIR1   0x000f9e       data     extern C:\MCC18\src\traditional\proc\p18F2520.asm
                 PIR1bits   0x000f9e       data     extern C:\MCC18\src\traditional\proc\p18F2520.asm
                     PIR2   0x000fa1       data     extern C:\MCC18\src\traditional\proc\p18F2520.asm
                 PIR2bits   0x000fa1       data     extern C:\MCC18\src\traditional\proc\p18F2520.asm
                   PLUSW0   0x000feb       data     extern C:\MCC18\src\traditional\proc\p18F2520.asm
                   PLUSW1   0x000fe3       data     extern C:\MCC18\src\traditional\proc\p18F2520.asm
                   PLUSW2   0x000fdb       data     extern C:\MCC18\src\traditional\proc\p18F2520.asm
                    PORTA   0x000f80       data     extern C:\MCC18\src\traditional\proc\p18F2520.asm
                PORTAbits   0x000f80       data     extern C:\MCC18\src\traditional\proc\p18F2520.asm
                    PORTB   0x000f81       data     extern C:\MCC18\src\traditional\proc\p18F2520.asm
                PORTBbits   0x000f81       data     extern C:\MCC18\src\traditional\proc\p18F2520.asm
                    PORTC   0x000f82       data     extern C:\MCC18\src\traditional\proc\p18F2520.asm
                PORTCbits   0x000f82       data     extern C:\MCC18\src\traditional\proc\p18F2520.asm
                    PORTE   0x000f84       data     extern C:\MCC18\src\traditional\proc\p18F2520.asm
                PORTEbits   0x000f84       data     extern C:\MCC18\src\traditional\proc\p18F2520.asm
                 POSTDEC0   0x000fed       data     extern C:\MCC18\src\traditional\proc\p18F2520.asm
                 POSTDEC1   0x000fe5       data     extern C:\MCC18\src\traditional\proc\p18F2520.asm
                 POSTDEC2   0x000fdd       data     extern C:\MCC18\src\traditional\proc\p18F2520.asm
                 POSTINC0   0x000fee       data     extern C:\MCC18\src\traditional\proc\p18F2520.asm
                 POSTINC1   0x000fe6       data     extern C:\MCC18\src\traditional\proc\p18F2520.asm
                 POSTINC2   0x000fde       data     extern C:\MCC18\src\traditional\proc\p18F2520.asm
                      PR2   0x000fcb       data     extern C:\MCC18\src\traditional\proc\p18F2520.asm
                  PREINC0   0x000fec       data     extern C:\MCC18\src\traditional\proc\p18F2520.asm
                  PREINC1   0x000fe4       data     extern C:\MCC18\src\traditional\proc\p18F2520.asm
                  PREINC2   0x000fdc       data     extern C:\MCC18\src\traditional\proc\p18F2520.asm
                     PROD   0x000ff3       data     extern C:\MCC18\src\traditional\proc\p18F2520.asm
                    PRODH   0x000ff4       data     extern C:\MCC18\src\traditional\proc\p18F2520.asm
                    PRODL   0x000ff3       data     extern C:\MCC18\src\traditional\proc\p18F2520.asm
                  PWM1CON   0x000fb7       data     extern C:\MCC18\src\traditional\proc\p18F2520.asm
              PWM1CONbits   0x000fb7       data     extern C:\MCC18\src\traditional\proc\p18F2520.asm
                 PasSonar   0x0000ce       data     extern D:\Documents de Paul\Cours_ISMEA_-_ISFEN\Conception Produits\Robot 2013_2014\MAP_Cablage_Phase1\Programme_TEST_COMPLET\TEST_COMPLET.c
                     RCON   0x000fd0       data     extern C:\MCC18\src\traditional\proc\p18F2520.asm
                 RCONbits   0x000fd0       data     extern C:\MCC18\src\traditional\proc\p18F2520.asm
                    RCREG   0x000fae       data     extern C:\MCC18\src\traditional\proc\p18F2520.asm
                    RCSTA   0x000fab       data     extern C:\MCC18\src\traditional\proc\p18F2520.asm
                RCSTAbits   0x000fab       data     extern C:\MCC18\src\traditional\proc\p18F2520.asm
Recv_I2C_Telecom_ASCII_Buf   0x0000c5       data     extern D:\Documents de Paul\Cours_ISMEA_-_ISFEN\Conception Produits\Robot 2013_2014\MAP_Cablage_Phase1\Programme_TEST_COMPLET\TEST_COMPLET.c
                     SIGN   0x000004       data     extern C:\MCC18\src\traditional\math\cmath18.asm
                    SPBRG   0x000faf       data     extern C:\MCC18\src\traditional\proc\p18F2520.asm
                   SPBRGH   0x000fb0       data     extern C:\MCC18\src\traditional\proc\p18F2520.asm
                   SSPADD   0x000fc8       data     extern C:\MCC18\src\traditional\proc\p18F2520.asm
                   SSPBUF   0x000fc9       data     extern C:\MCC18\src\traditional\proc\p18F2520.asm
                  SSPCON1   0x000fc6       data     extern C:\MCC18\src\traditional\proc\p18F2520.asm
              SSPCON1bits   0x000fc6       data     extern C:\MCC18\src\traditional\proc\p18F2520.asm
                  SSPCON2   0x000fc5       data     extern C:\MCC18\src\traditional\proc\p18F2520.asm
              SSPCON2bits   0x000fc5       data     extern C:\MCC18\src\traditional\proc\p18F2520.asm
                  SSPSTAT   0x000fc7       data     extern C:\MCC18\src\traditional\proc\p18F2520.asm
              SSPSTATbits   0x000fc7       data     extern C:\MCC18\src\traditional\proc\p18F2520.asm
                   STATUS   0x000fd8       data     extern C:\MCC18\src\traditional\proc\p18F2520.asm
               STATUSbits   0x000fd8       data     extern C:\MCC18\src\traditional\proc\p18F2520.asm
                   STKPTR   0x000ffc       data     extern C:\MCC18\src\traditional\proc\p18F2520.asm
               STKPTRbits   0x000ffc       data     extern C:\MCC18\src\traditional\proc\p18F2520.asm
Send_I2C_Telecom_ASCII_Buf   0x0000f4       data     extern D:\Documents de Paul\Cours_ISMEA_-_ISFEN\Conception Produits\Robot 2013_2014\MAP_Cablage_Phase1\Programme_TEST_COMPLET\TEST_COMPLET.c
                    T0CON   0x000fd5       data     extern C:\MCC18\src\traditional\proc\p18F2520.asm
                T0CONbits   0x000fd5       data     extern C:\MCC18\src\traditional\proc\p18F2520.asm
                    T1CON   0x000fcd       data     extern C:\MCC18\src\traditional\proc\p18F2520.asm
                T1CONbits   0x000fcd       data     extern C:\MCC18\src\traditional\proc\p18F2520.asm
                    T2CON   0x000fca       data     extern C:\MCC18\src\traditional\proc\p18F2520.asm
                T2CONbits   0x000fca       data     extern C:\MCC18\src\traditional\proc\p18F2520.asm
                    T3CON   0x000fb1       data     extern C:\MCC18\src\traditional\proc\p18F2520.asm
                T3CONbits   0x000fb1       data     extern C:\MCC18\src\traditional\proc\p18F2520.asm
                   TABLAT   0x000ff5       data     extern C:\MCC18\src\traditional\proc\p18F2520.asm
                   TBLPTR   0x000ff6       data     extern C:\MCC18\src\traditional\proc\p18F2520.asm
                  TBLPTRH   0x000ff7       data     extern C:\MCC18\src\traditional\proc\p18F2520.asm
                  TBLPTRL   0x000ff6       data     extern C:\MCC18\src\traditional\proc\p18F2520.asm
                  TBLPTRU   0x000ff8       data     extern C:\MCC18\src\traditional\proc\p18F2520.asm
                    TMR0H   0x000fd7       data     extern C:\MCC18\src\traditional\proc\p18F2520.asm
                    TMR0L   0x000fd6       data     extern C:\MCC18\src\traditional\proc\p18F2520.asm
                    TMR1H   0x000fcf       data     extern C:\MCC18\src\traditional\proc\p18F2520.asm
                    TMR1L   0x000fce       data     extern C:\MCC18\src\traditional\proc\p18F2520.asm
                     TMR2   0x000fcc       data     extern C:\MCC18\src\traditional\proc\p18F2520.asm
                    TMR3H   0x000fb3       data     extern C:\MCC18\src\traditional\proc\p18F2520.asm
                    TMR3L   0x000fb2       data     extern C:\MCC18\src\traditional\proc\p18F2520.asm
                      TOS   0x000ffd       data     extern C:\MCC18\src\traditional\proc\p18F2520.asm
                     TOSH   0x000ffe       data     extern C:\MCC18\src\traditional\proc\p18F2520.asm
                     TOSL   0x000ffd       data     extern C:\MCC18\src\traditional\proc\p18F2520.asm
                     TOSU   0x000fff       data     extern C:\MCC18\src\traditional\proc\p18F2520.asm
                    TRISA   0x000f92       data     extern C:\MCC18\src\traditional\proc\p18F2520.asm
                TRISAbits   0x000f92       data     extern C:\MCC18\src\traditional\proc\p18F2520.asm
                    TRISB   0x000f93       data     extern C:\MCC18\src\traditional\proc\p18F2520.asm
                TRISBbits   0x000f93       data     extern C:\MCC18\src\traditional\proc\p18F2520.asm
                    TRISC   0x000f94       data     extern C:\MCC18\src\traditional\proc\p18F2520.asm
                TRISCbits   0x000f94       data     extern C:\MCC18\src\traditional\proc\p18F2520.asm
                    TXREG   0x000fad       data     extern C:\MCC18\src\traditional\proc\p18F2520.asm
                    TXSTA   0x000fac       data     extern C:\MCC18\src\traditional\proc\p18F2520.asm
                TXSTAbits   0x000fac       data     extern C:\MCC18\src\traditional\proc\p18F2520.asm
                      Tac   0x000086       data     extern D:\Documents de Paul\Cours_ISMEA_-_ISFEN\Conception Produits\Robot 2013_2014\MAP_Cablage_Phase1\Programme_TEST_COMPLET\En Tete_P2016.h
                     Tick   0x000084       data     extern D:\Documents de Paul\Cours_ISMEA_-_ISFEN\Conception Produits\Robot 2013_2014\MAP_Cablage_Phase1\Programme_TEST_COMPLET\En Tete_P2016.h
                   Valeur   0x000083       data     extern D:\Documents de Paul\Cours_ISMEA_-_ISFEN\Conception Produits\Robot 2013_2014\MAP_Cablage_Phase1\Programme_TEST_COMPLET\En Tete_P2016.h
                     Vbat   0x000082       data     extern D:\Documents de Paul\Cours_ISMEA_-_ISFEN\Conception Produits\Robot 2013_2014\MAP_Cablage_Phase1\Programme_TEST_COMPLET\En Tete_P2016.h
                     VitD   0x000090       data     extern D:\Documents de Paul\Cours_ISMEA_-_ISFEN\Conception Produits\Robot 2013_2014\MAP_Cablage_Phase1\Programme_TEST_COMPLET\En Tete_P2016.h
                     VitG   0x000091       data     extern D:\Documents de Paul\Cours_ISMEA_-_ISFEN\Conception Produits\Robot 2013_2014\MAP_Cablage_Phase1\Programme_TEST_COMPLET\En Tete_P2016.h
                 VueSonar   0x0000e1       data     extern D:\Documents de Paul\Cours_ISMEA_-_ISFEN\Conception Produits\Robot 2013_2014\MAP_Cablage_Phase1\Programme_TEST_COMPLET\En Tete_P2016.h
                        W   0x000fe8       data     extern C:\MCC18\src\traditional\proc\p18F2520.asm
                   WDTCON   0x000fd1       data     extern C:\MCC18\src\traditional\proc\p18F2520.asm
               WDTCONbits   0x000fd1       data     extern C:\MCC18\src\traditional\proc\p18F2520.asm
                     WREG   0x000fe8       data     extern C:\MCC18\src\traditional\proc\p18F2520.asm
                __FPFLAGS   0x000005       data     extern C:\MCC18\src\traditional\math\cmath18.asm
            __FPFLAGSbits   0x000005       data     extern C:\MCC18\src\traditional\math\cmath18.asm
                  __tmp_0   0x000000       data     static D:\Documents de Paul\Cours_ISMEA_-_ISFEN\Conception Produits\Robot 2013_2014\MAP_Cablage_Phase1\Programme_TEST_COMPLET\TEST_COMPLET.c
                  __tmp_0   0x000000       data     static C:\MCC18\src\pmc_common\i2c\i2c_eerr.c
                  __tmp_1   0x000006       data     static D:\Documents de Paul\Cours_ISMEA_-_ISFEN\Conception Produits\Robot 2013_2014\MAP_Cablage_Phase1\Programme_TEST_COMPLET\TEST_COMPLET.c
                      buf   0x0000bb       data     extern D:\Documents de Paul\Cours_ISMEA_-_ISFEN\Conception Produits\Robot 2013_2014\MAP_Cablage_Phase1\Programme_TEST_COMPLET\TEST_COMPLET.c
                   buffer   0x0000a2       data     extern D:\Documents de Paul\Cours_ISMEA_-_ISFEN\Conception Produits\Robot 2013_2014\MAP_Cablage_Phase1\Programme_TEST_COMPLET\TEST_COMPLET.c
                        c   0x0000a1       data     extern D:\Documents de Paul\Cours_ISMEA_-_ISFEN\Conception Produits\Robot 2013_2014\MAP_Cablage_Phase1\Programme_TEST_COMPLET\TEST_COMPLET.c
                curr_byte   0x000103       data     static C:\MCC18\src\traditional\startup\c018i.c
               curr_entry   0x000105       data     static C:\MCC18\src\traditional\startup\c018i.c
                 data_ptr   0x000107       data     static C:\MCC18\src\traditional\startup\c018i.c
           distance_sonar   0x000093       data     extern D:\Documents de Paul\Cours_ISMEA_-_ISFEN\Conception Produits\Robot 2013_2014\MAP_Cablage_Phase1\Programme_TEST_COMPLET\En Tete_P2016.h
                    heure   0x000096       data     extern D:\Documents de Paul\Cours_ISMEA_-_ISFEN\Conception Produits\Robot 2013_2014\MAP_Cablage_Phase1\Programme_TEST_COMPLET\TEST_COMPLET.c
                        i   0x00008c       data     extern D:\Documents de Paul\Cours_ISMEA_-_ISFEN\Conception Produits\Robot 2013_2014\MAP_Cablage_Phase1\Programme_TEST_COMPLET\En Tete_P2016.h
                        j   0x00008e       data     extern D:\Documents de Paul\Cours_ISMEA_-_ISFEN\Conception Produits\Robot 2013_2014\MAP_Cablage_Phase1\Programme_TEST_COMPLET\En Tete_P2016.h
                     mode   0x0000fc       data     extern D:\Documents de Paul\Cours_ISMEA_-_ISFEN\Conception Produits\Robot 2013_2014\MAP_Cablage_Phase1\Programme_TEST_COMPLET\TEST_COMPLET.c
                     prom   0x000100       data     static C:\MCC18\src\traditional\startup\c018i.c
                    ptecr   0x0000b8       data     extern D:\Documents de Paul\Cours_ISMEA_-_ISFEN\Conception Produits\Robot 2013_2014\MAP_Cablage_Phase1\Programme_TEST_COMPLET\TEST_COMPLET.c
                    ptlec   0x0000b6       data     extern D:\Documents de Paul\Cours_ISMEA_-_ISFEN\Conception Produits\Robot 2013_2014\MAP_Cablage_Phase1\Programme_TEST_COMPLET\TEST_COMPLET.c
                     temp   0x0000d0       data     extern D:\Documents de Paul\Cours_ISMEA_-_ISFEN\Conception Produits\Robot 2013_2014\MAP_Cablage_Phase1\Programme_TEST_COMPLET\TEST_COMPLET.c
                tempo_LED   0x000095       data     extern D:\Documents de Paul\Cours_ISMEA_-_ISFEN\Conception Produits\Robot 2013_2014\MAP_Cablage_Phase1\Programme_TEST_COMPLET\TEST_COMPLET.c
                    udata   0x0000ba       data     extern D:\Documents de Paul\Cours_ISMEA_-_ISFEN\Conception Produits\Robot 2013_2014\MAP_Cablage_Phase1\Programme_TEST_COMPLET\TEST_COMPLET.c



                              Symbols - Sorted by Address
                     Name    Address   Location    Storage File                     
                ---------  ---------  ---------  --------- ---------                
                   _entry   0x000000    program     extern C:\MCC18\src\traditional\startup\c018i.c
       ___return_lbl00000   0x000004    program     static                          
                   __init   0x000006    program     extern C:\MCC18\src\traditional\stdclib\__init.c
      InterruptVectorHigh   0x000008    program     extern D:\Documents de Paul\Cours_ISMEA_-_ISFEN\Conception Produits\Robot 2013_2014\MAP_Cablage_Phase1\Programme_TEST_COMPLET\TEST_COMPLET.c
       ___return_lbl00119   0x00000c    program     static                          
                     main   0x00001c    program     extern D:\Documents de Paul\Cours_ISMEA_-_ISFEN\Conception Produits\Robot 2013_2014\MAP_Cablage_Phase1\Programme_TEST_COMPLET\TEST_COMPLET.c
              __tmplbl_59   0x0000f6    program     static                          
                     init   0x0009a6    program     extern D:\Documents de Paul\Cours_ISMEA_-_ISFEN\Conception Produits\Robot 2013_2014\MAP_Cablage_Phase1\Programme_TEST_COMPLET\TEST_COMPLET.c
                   Mesure   0x000ad6    program     extern D:\Documents de Paul\Cours_ISMEA_-_ISFEN\Conception Produits\Robot 2013_2014\MAP_Cablage_Phase1\Programme_TEST_COMPLET\TEST_COMPLET.c
                  Moyenne   0x000b94    program     extern D:\Documents de Paul\Cours_ISMEA_-_ISFEN\Conception Produits\Robot 2013_2014\MAP_Cablage_Phase1\Programme_TEST_COMPLET\TEST_COMPLET.c
                Octet_i2c   0x000cac    program     extern D:\Documents de Paul\Cours_ISMEA_-_ISFEN\Conception Produits\Robot 2013_2014\MAP_Cablage_Phase1\Programme_TEST_COMPLET\TEST_COMPLET.c
                  ITHaute   0x000d8c    program     extern D:\Documents de Paul\Cours_ISMEA_-_ISFEN\Conception Produits\Robot 2013_2014\MAP_Cablage_Phase1\Programme_TEST_COMPLET\TEST_COMPLET.c
           ___if_lbl00121   0x000dc6    program     static                          
           ___if_lbl00122   0x000de8    program     static                          
           ___if_lbl00123   0x000df6    program     static                          
           ___if_lbl00124   0x000df6    program     static                          
           ___if_lbl00125   0x000dfa    program     static                          
         ___else_lbl00127   0x000e32    program     static                          
           ___if_lbl00128   0x000e5c    program     static                          
           ___if_lbl00126   0x000e5c    program     static                          
           ___if_lbl00129   0x000e90    program     static                          
           ___if_lbl00130   0x000e94    program     static                          
           ___if_lbl00131   0x000e9e    program     static                          
       ___return_lbl00120   0x000e9e    program     static                          
                 LitOctet   0x000eae    program     extern D:\Documents de Paul\Cours_ISMEA_-_ISFEN\Conception Produits\Robot 2013_2014\MAP_Cablage_Phase1\Programme_TEST_COMPLET\TEST_COMPLET.c
            carUSARTdispo   0x000efa    program     extern D:\Documents de Paul\Cours_ISMEA_-_ISFEN\Conception Produits\Robot 2013_2014\MAP_Cablage_Phase1\Programme_TEST_COMPLET\TEST_COMPLET.c
               EcritOctet   0x000f0e    program     extern D:\Documents de Paul\Cours_ISMEA_-_ISFEN\Conception Produits\Robot 2013_2014\MAP_Cablage_Phase1\Programme_TEST_COMPLET\TEST_COMPLET.c
            LitChaineUart   0x000f2c    program     extern D:\Documents de Paul\Cours_ISMEA_-_ISFEN\Conception Produits\Robot 2013_2014\MAP_Cablage_Phase1\Programme_TEST_COMPLET\TEST_COMPLET.c
           EcritChaineRom   0x000fa8    program     extern D:\Documents de Paul\Cours_ISMEA_-_ISFEN\Conception Produits\Robot 2013_2014\MAP_Cablage_Phase1\Programme_TEST_COMPLET\TEST_COMPLET.c
              EcritChaine   0x001016    program     extern D:\Documents de Paul\Cours_ISMEA_-_ISFEN\Conception Produits\Robot 2013_2014\MAP_Cablage_Phase1\Programme_TEST_COMPLET\TEST_COMPLET.c
               putrsUSART   0x00107a    program     extern D:\Documents de Paul\Cours_ISMEA_-_ISFEN\Conception Produits\Robot 2013_2014\MAP_Cablage_Phase1\Programme_TEST_COMPLET\TEST_COMPLET.c
                putsUSART   0x0010b8    program     extern D:\Documents de Paul\Cours_ISMEA_-_ISFEN\Conception Produits\Robot 2013_2014\MAP_Cablage_Phase1\Programme_TEST_COMPLET\TEST_COMPLET.c
              SONAR_Ecrit   0x0010f2    program     extern D:\Documents de Paul\Cours_ISMEA_-_ISFEN\Conception Produits\Robot 2013_2014\MAP_Cablage_Phase1\Programme_TEST_COMPLET\TEST_COMPLET.c
              SONAR_Valid   0x001194    program     extern D:\Documents de Paul\Cours_ISMEA_-_ISFEN\Conception Produits\Robot 2013_2014\MAP_Cablage_Phase1\Programme_TEST_COMPLET\TEST_COMPLET.c
                SONAR_Lit   0x001262    program     extern D:\Documents de Paul\Cours_ISMEA_-_ISFEN\Conception Produits\Robot 2013_2014\MAP_Cablage_Phase1\Programme_TEST_COMPLET\TEST_COMPLET.c
         Read_REC_Telecom   0x0013a4    program     extern D:\Documents de Paul\Cours_ISMEA_-_ISFEN\Conception Produits\Robot 2013_2014\MAP_Cablage_Phase1\Programme_TEST_COMPLET\TEST_COMPLET.c
                  newline   0x001572    program     extern D:\Documents de Paul\Cours_ISMEA_-_ISFEN\Conception Produits\Robot 2013_2014\MAP_Cablage_Phase1\Programme_TEST_COMPLET\TEST_COMPLET.c
                   separe   0x001575    program     extern D:\Documents de Paul\Cours_ISMEA_-_ISFEN\Conception Produits\Robot 2013_2014\MAP_Cablage_Phase1\Programme_TEST_COMPLET\TEST_COMPLET.c
                     teta   0x001579    program     extern D:\Documents de Paul\Cours_ISMEA_-_ISFEN\Conception Produits\Robot 2013_2014\MAP_Cablage_Phase1\Programme_TEST_COMPLET\TEST_COMPLET.c
                  initial   0x00157f    program     extern D:\Documents de Paul\Cours_ISMEA_-_ISFEN\Conception Produits\Robot 2013_2014\MAP_Cablage_Phase1\Programme_TEST_COMPLET\TEST_COMPLET.c
                    mode0   0x0015bd    program     extern D:\Documents de Paul\Cours_ISMEA_-_ISFEN\Conception Produits\Robot 2013_2014\MAP_Cablage_Phase1\Programme_TEST_COMPLET\TEST_COMPLET.c
                    mode1   0x0015d5    program     extern D:\Documents de Paul\Cours_ISMEA_-_ISFEN\Conception Produits\Robot 2013_2014\MAP_Cablage_Phase1\Programme_TEST_COMPLET\TEST_COMPLET.c
                    mode2   0x0015ee    program     extern D:\Documents de Paul\Cours_ISMEA_-_ISFEN\Conception Produits\Robot 2013_2014\MAP_Cablage_Phase1\Programme_TEST_COMPLET\TEST_COMPLET.c
                    mode3   0x001608    program     extern D:\Documents de Paul\Cours_ISMEA_-_ISFEN\Conception Produits\Robot 2013_2014\MAP_Cablage_Phase1\Programme_TEST_COMPLET\TEST_COMPLET.c
                    mode4   0x00161f    program     extern D:\Documents de Paul\Cours_ISMEA_-_ISFEN\Conception Produits\Robot 2013_2014\MAP_Cablage_Phase1\Programme_TEST_COMPLET\TEST_COMPLET.c
                    mode5   0x001636    program     extern D:\Documents de Paul\Cours_ISMEA_-_ISFEN\Conception Produits\Robot 2013_2014\MAP_Cablage_Phase1\Programme_TEST_COMPLET\TEST_COMPLET.c
                    mode6   0x001653    program     extern D:\Documents de Paul\Cours_ISMEA_-_ISFEN\Conception Produits\Robot 2013_2014\MAP_Cablage_Phase1\Programme_TEST_COMPLET\TEST_COMPLET.c
                    mode7   0x00166b    program     extern D:\Documents de Paul\Cours_ISMEA_-_ISFEN\Conception Produits\Robot 2013_2014\MAP_Cablage_Phase1\Programme_TEST_COMPLET\TEST_COMPLET.c
                    modeN   0x001684    program     extern D:\Documents de Paul\Cours_ISMEA_-_ISFEN\Conception Produits\Robot 2013_2014\MAP_Cablage_Phase1\Programme_TEST_COMPLET\TEST_COMPLET.c
                    modeA   0x00169b    program     extern D:\Documents de Paul\Cours_ISMEA_-_ISFEN\Conception Produits\Robot 2013_2014\MAP_Cablage_Phase1\Programme_TEST_COMPLET\TEST_COMPLET.c
                     help   0x0016b0    program     extern D:\Documents de Paul\Cours_ISMEA_-_ISFEN\Conception Produits\Robot 2013_2014\MAP_Cablage_Phase1\Programme_TEST_COMPLET\TEST_COMPLET.c
                     stop   0x0016bd    program     extern D:\Documents de Paul\Cours_ISMEA_-_ISFEN\Conception Produits\Robot 2013_2014\MAP_Cablage_Phase1\Programme_TEST_COMPLET\TEST_COMPLET.c
                     haut   0x0016ca    program     extern D:\Documents de Paul\Cours_ISMEA_-_ISFEN\Conception Produits\Robot 2013_2014\MAP_Cablage_Phase1\Programme_TEST_COMPLET\TEST_COMPLET.c
                      bas   0x0016d9    program     extern D:\Documents de Paul\Cours_ISMEA_-_ISFEN\Conception Produits\Robot 2013_2014\MAP_Cablage_Phase1\Programme_TEST_COMPLET\TEST_COMPLET.c
                   gauche   0x0016e8    program     extern D:\Documents de Paul\Cours_ISMEA_-_ISFEN\Conception Produits\Robot 2013_2014\MAP_Cablage_Phase1\Programme_TEST_COMPLET\TEST_COMPLET.c
                   droite   0x0016f8    program     extern D:\Documents de Paul\Cours_ISMEA_-_ISFEN\Conception Produits\Robot 2013_2014\MAP_Cablage_Phase1\Programme_TEST_COMPLET\TEST_COMPLET.c
                   centre   0x001708    program     extern D:\Documents de Paul\Cours_ISMEA_-_ISFEN\Conception Produits\Robot 2013_2014\MAP_Cablage_Phase1\Programme_TEST_COMPLET\TEST_COMPLET.c
                chenilleD   0x001718    program     extern D:\Documents de Paul\Cours_ISMEA_-_ISFEN\Conception Produits\Robot 2013_2014\MAP_Cablage_Phase1\Programme_TEST_COMPLET\TEST_COMPLET.c
                chenilleG   0x001728    program     extern D:\Documents de Paul\Cours_ISMEA_-_ISFEN\Conception Produits\Robot 2013_2014\MAP_Cablage_Phase1\Programme_TEST_COMPLET\TEST_COMPLET.c
                     itoa   0x001738    program     extern C:\MCC18\src\traditional\stdclib\itoa.asm
                jTstSign1   0x001764    program     static C:\MCC18\src\traditional\stdclib\itoa.asm
                     jDo5   0x0017ae    program     static C:\MCC18\src\traditional\stdclib\itoa.asm
                     jDo4   0x0017b2    program     static C:\MCC18\src\traditional\stdclib\itoa.asm
                     jDo3   0x0017b6    program     static C:\MCC18\src\traditional\stdclib\itoa.asm
                     jDo2   0x0017ba    program     static C:\MCC18\src\traditional\stdclib\itoa.asm
                     jDo1   0x0017be    program     static C:\MCC18\src\traditional\stdclib\itoa.asm
                 TstUpper   0x0017f2    program     static C:\MCC18\src\traditional\stdclib\itoa.asm
                 TstLower   0x0017f8    program     static C:\MCC18\src\traditional\stdclib\itoa.asm
                jTstLowZ1   0x001802    program     static C:\MCC18\src\traditional\stdclib\itoa.asm
                ProcUpper   0x001804    program     static C:\MCC18\src\traditional\stdclib\itoa.asm
                ProcLower   0x00180e    program     static C:\MCC18\src\traditional\stdclib\itoa.asm
                   itoBCD   0x001818    program     extern C:\MCC18\src\traditional\stdclib\itobcd.asm
                    jLoop   0x001830    program     static C:\MCC18\src\traditional\stdclib\itobcd.asm
                     jEnd   0x001856    program     static C:\MCC18\src\traditional\stdclib\itobcd.asm
                  OneByte   0x00185a    program     static C:\MCC18\src\traditional\stdclib\itobcd.asm
             EERandomRead   0x00186c    program     extern C:\MCC18\src\pmc_common\i2c\i2c_eerr.c
                   __pa_0   0x001942    program     static C:\MCC18\src\pmc_common\i2c\i2c_eerr.c
                _do_cinit   0x001950    program     extern C:\MCC18\src\traditional\startup\c018i.c
                     test   0x00196a    program     static                          
                copy_loop   0x0019c2    program     static                          
            copy_one_byte   0x0019c8    program     static                          
             done_copying   0x0019d6    program     static                          
                     done   0x0019ec    program     static                          
       ___return_lbl00002   0x0019ec    program     static                          
              EEByteWrite   0x0019ee    program     extern C:\MCC18\src\pmc_common\i2c\i2c_eebw.c
                   __pa_0   0x001a7a    program     static C:\MCC18\src\pmc_common\i2c\i2c_eebw.c
             EEAckPolling   0x001a88    program     extern C:\MCC18\src\pmc_common\i2c\i2c_eeap.c
                   __pa_0   0x001afc    program     static C:\MCC18\src\pmc_common\i2c\i2c_eeap.c
                 WriteI2C   0x001b0c    program     extern C:\MCC18\src\pmc_common\i2c\i2c_writ.c
            __zero_memory   0x001b7e    program     extern C:\MCC18\src\traditional\proc\p18F2520.asm
                   loop_h   0x001b8c    program     static C:\MCC18\src\traditional\proc\p18F2520.asm
               zero_block   0x001b8c    program     static C:\MCC18\src\traditional\proc\p18F2520.asm
                compare_l   0x001b94    program     static C:\MCC18\src\traditional\proc\p18F2520.asm
                   loop_l   0x001b96    program     static C:\MCC18\src\traditional\proc\p18F2520.asm
                 _startup   0x001b9e    program     extern C:\MCC18\src\traditional\startup\c018i.c
                     loop   0x001bae    program     static                          
       ___return_lbl00001   0x001bb8    program     static                          
                  IdleI2C   0x001bba    program     extern C:\MCC18\src\pmc_common\i2c\i2c_idle.c
               __config_0   0x300001    program     static D:\Documents de Paul\Cours_ISMEA_-_ISFEN\Conception Produits\Robot 2013_2014\MAP_Cablage_Phase1\Programme_TEST_COMPLET\TEST_COMPLET.c
               __config_1   0x300003    program     static D:\Documents de Paul\Cours_ISMEA_-_ISFEN\Conception Produits\Robot 2013_2014\MAP_Cablage_Phase1\Programme_TEST_COMPLET\TEST_COMPLET.c
               __config_2   0x300006    program     static D:\Documents de Paul\Cours_ISMEA_-_ISFEN\Conception Produits\Robot 2013_2014\MAP_Cablage_Phase1\Programme_TEST_COMPLET\TEST_COMPLET.c
               __config_3   0x300009    program     static D:\Documents de Paul\Cours_ISMEA_-_ISFEN\Conception Produits\Robot 2013_2014\MAP_Cablage_Phase1\Programme_TEST_COMPLET\TEST_COMPLET.c
                  __tmp_0   0x000000       data     static D:\Documents de Paul\Cours_ISMEA_-_ISFEN\Conception Produits\Robot 2013_2014\MAP_Cablage_Phase1\Programme_TEST_COMPLET\TEST_COMPLET.c
                  __tmp_0   0x000000       data     static C:\MCC18\src\pmc_common\i2c\i2c_eerr.c
                     SIGN   0x000004       data     extern C:\MCC18\src\traditional\math\cmath18.asm
                __FPFLAGS   0x000005       data     extern C:\MCC18\src\traditional\math\cmath18.asm
            __FPFLAGSbits   0x000005       data     extern C:\MCC18\src\traditional\math\cmath18.asm
                  __tmp_1   0x000006       data     static D:\Documents de Paul\Cours_ISMEA_-_ISFEN\Conception Produits\Robot 2013_2014\MAP_Cablage_Phase1\Programme_TEST_COMPLET\TEST_COMPLET.c
                     ETAT   0x000080       data     static D:\Documents de Paul\Cours_ISMEA_-_ISFEN\Conception Produits\Robot 2013_2014\MAP_Cablage_Phase1\Programme_TEST_COMPLET\En Tete_P2016.h
                     Vbat   0x000082       data     extern D:\Documents de Paul\Cours_ISMEA_-_ISFEN\Conception Produits\Robot 2013_2014\MAP_Cablage_Phase1\Programme_TEST_COMPLET\En Tete_P2016.h
                   Valeur   0x000083       data     extern D:\Documents de Paul\Cours_ISMEA_-_ISFEN\Conception Produits\Robot 2013_2014\MAP_Cablage_Phase1\Programme_TEST_COMPLET\En Tete_P2016.h
                     Tick   0x000084       data     extern D:\Documents de Paul\Cours_ISMEA_-_ISFEN\Conception Produits\Robot 2013_2014\MAP_Cablage_Phase1\Programme_TEST_COMPLET\En Tete_P2016.h
                      Tac   0x000086       data     extern D:\Documents de Paul\Cours_ISMEA_-_ISFEN\Conception Produits\Robot 2013_2014\MAP_Cablage_Phase1\Programme_TEST_COMPLET\En Tete_P2016.h
                    Duree   0x000088       data     extern D:\Documents de Paul\Cours_ISMEA_-_ISFEN\Conception Produits\Robot 2013_2014\MAP_Cablage_Phase1\Programme_TEST_COMPLET\En Tete_P2016.h
                    LuI2C   0x00008a       data     extern D:\Documents de Paul\Cours_ISMEA_-_ISFEN\Conception Produits\Robot 2013_2014\MAP_Cablage_Phase1\Programme_TEST_COMPLET\En Tete_P2016.h
                   OldCde   0x00008b       data     extern D:\Documents de Paul\Cours_ISMEA_-_ISFEN\Conception Produits\Robot 2013_2014\MAP_Cablage_Phase1\Programme_TEST_COMPLET\En Tete_P2016.h
                        i   0x00008c       data     extern D:\Documents de Paul\Cours_ISMEA_-_ISFEN\Conception Produits\Robot 2013_2014\MAP_Cablage_Phase1\Programme_TEST_COMPLET\En Tete_P2016.h
                        j   0x00008e       data     extern D:\Documents de Paul\Cours_ISMEA_-_ISFEN\Conception Produits\Robot 2013_2014\MAP_Cablage_Phase1\Programme_TEST_COMPLET\En Tete_P2016.h
                     VitD   0x000090       data     extern D:\Documents de Paul\Cours_ISMEA_-_ISFEN\Conception Produits\Robot 2013_2014\MAP_Cablage_Phase1\Programme_TEST_COMPLET\En Tete_P2016.h
                     VitG   0x000091       data     extern D:\Documents de Paul\Cours_ISMEA_-_ISFEN\Conception Produits\Robot 2013_2014\MAP_Cablage_Phase1\Programme_TEST_COMPLET\En Tete_P2016.h
                   DurPWM   0x000092       data     extern D:\Documents de Paul\Cours_ISMEA_-_ISFEN\Conception Produits\Robot 2013_2014\MAP_Cablage_Phase1\Programme_TEST_COMPLET\En Tete_P2016.h
           distance_sonar   0x000093       data     extern D:\Documents de Paul\Cours_ISMEA_-_ISFEN\Conception Produits\Robot 2013_2014\MAP_Cablage_Phase1\Programme_TEST_COMPLET\En Tete_P2016.h
                tempo_LED   0x000095       data     extern D:\Documents de Paul\Cours_ISMEA_-_ISFEN\Conception Produits\Robot 2013_2014\MAP_Cablage_Phase1\Programme_TEST_COMPLET\TEST_COMPLET.c
                    heure   0x000096       data     extern D:\Documents de Paul\Cours_ISMEA_-_ISFEN\Conception Produits\Robot 2013_2014\MAP_Cablage_Phase1\Programme_TEST_COMPLET\TEST_COMPLET.c
                   DurBas   0x000098       data     extern D:\Documents de Paul\Cours_ISMEA_-_ISFEN\Conception Produits\Robot 2013_2014\MAP_Cablage_Phase1\Programme_TEST_COMPLET\TEST_COMPLET.c
                  DurHaut   0x00009a       data     extern D:\Documents de Paul\Cours_ISMEA_-_ISFEN\Conception Produits\Robot 2013_2014\MAP_Cablage_Phase1\Programme_TEST_COMPLET\TEST_COMPLET.c
                 I2Clibre   0x00009c       data     extern D:\Documents de Paul\Cours_ISMEA_-_ISFEN\Conception Produits\Robot 2013_2014\MAP_Cablage_Phase1\Programme_TEST_COMPLET\TEST_COMPLET.c
                  I2CStop   0x00009d       data     extern D:\Documents de Paul\Cours_ISMEA_-_ISFEN\Conception Produits\Robot 2013_2014\MAP_Cablage_Phase1\Programme_TEST_COMPLET\TEST_COMPLET.c
                     Code   0x00009e       data     extern D:\Documents de Paul\Cours_ISMEA_-_ISFEN\Conception Produits\Robot 2013_2014\MAP_Cablage_Phase1\Programme_TEST_COMPLET\TEST_COMPLET.c
                     CAPT   0x00009f       data     extern D:\Documents de Paul\Cours_ISMEA_-_ISFEN\Conception Produits\Robot 2013_2014\MAP_Cablage_Phase1\Programme_TEST_COMPLET\TEST_COMPLET.c
                      ACT   0x0000a0       data     extern D:\Documents de Paul\Cours_ISMEA_-_ISFEN\Conception Produits\Robot 2013_2014\MAP_Cablage_Phase1\Programme_TEST_COMPLET\TEST_COMPLET.c
                        c   0x0000a1       data     extern D:\Documents de Paul\Cours_ISMEA_-_ISFEN\Conception Produits\Robot 2013_2014\MAP_Cablage_Phase1\Programme_TEST_COMPLET\TEST_COMPLET.c
                   buffer   0x0000a2       data     extern D:\Documents de Paul\Cours_ISMEA_-_ISFEN\Conception Produits\Robot 2013_2014\MAP_Cablage_Phase1\Programme_TEST_COMPLET\TEST_COMPLET.c
                    ptlec   0x0000b6       data     extern D:\Documents de Paul\Cours_ISMEA_-_ISFEN\Conception Produits\Robot 2013_2014\MAP_Cablage_Phase1\Programme_TEST_COMPLET\TEST_COMPLET.c
                    ptecr   0x0000b8       data     extern D:\Documents de Paul\Cours_ISMEA_-_ISFEN\Conception Produits\Robot 2013_2014\MAP_Cablage_Phase1\Programme_TEST_COMPLET\TEST_COMPLET.c
                    udata   0x0000ba       data     extern D:\Documents de Paul\Cours_ISMEA_-_ISFEN\Conception Produits\Robot 2013_2014\MAP_Cablage_Phase1\Programme_TEST_COMPLET\TEST_COMPLET.c
                      buf   0x0000bb       data     extern D:\Documents de Paul\Cours_ISMEA_-_ISFEN\Conception Produits\Robot 2013_2014\MAP_Cablage_Phase1\Programme_TEST_COMPLET\TEST_COMPLET.c
Recv_I2C_Telecom_ASCII_Buf   0x0000c5       data     extern D:\Documents de Paul\Cours_ISMEA_-_ISFEN\Conception Produits\Robot 2013_2014\MAP_Cablage_Phase1\Programme_TEST_COMPLET\TEST_COMPLET.c
                      Aff   0x0000cd       data     extern D:\Documents de Paul\Cours_ISMEA_-_ISFEN\Conception Produits\Robot 2013_2014\MAP_Cablage_Phase1\Programme_TEST_COMPLET\TEST_COMPLET.c
                 PasSonar   0x0000ce       data     extern D:\Documents de Paul\Cours_ISMEA_-_ISFEN\Conception Produits\Robot 2013_2014\MAP_Cablage_Phase1\Programme_TEST_COMPLET\TEST_COMPLET.c
               Gisement_D   0x0000cf       data     extern D:\Documents de Paul\Cours_ISMEA_-_ISFEN\Conception Produits\Robot 2013_2014\MAP_Cablage_Phase1\Programme_TEST_COMPLET\TEST_COMPLET.c
                     temp   0x0000d0       data     extern D:\Documents de Paul\Cours_ISMEA_-_ISFEN\Conception Produits\Robot 2013_2014\MAP_Cablage_Phase1\Programme_TEST_COMPLET\TEST_COMPLET.c
                 MesDistD   0x0000d2       data     extern D:\Documents de Paul\Cours_ISMEA_-_ISFEN\Conception Produits\Robot 2013_2014\MAP_Cablage_Phase1\Programme_TEST_COMPLET\En Tete_P2016.h
                 MesDistG   0x0000d7       data     extern D:\Documents de Paul\Cours_ISMEA_-_ISFEN\Conception Produits\Robot 2013_2014\MAP_Cablage_Phase1\Programme_TEST_COMPLET\En Tete_P2016.h
                  MesBatt   0x0000dc       data     extern D:\Documents de Paul\Cours_ISMEA_-_ISFEN\Conception Produits\Robot 2013_2014\MAP_Cablage_Phase1\Programme_TEST_COMPLET\En Tete_P2016.h
                 VueSonar   0x0000e1       data     extern D:\Documents de Paul\Cours_ISMEA_-_ISFEN\Conception Produits\Robot 2013_2014\MAP_Cablage_Phase1\Programme_TEST_COMPLET\En Tete_P2016.h
                  NumConv   0x0000f1       data     extern D:\Documents de Paul\Cours_ISMEA_-_ISFEN\Conception Produits\Robot 2013_2014\MAP_Cablage_Phase1\Programme_TEST_COMPLET\TEST_COMPLET.c
                   NumEch   0x0000f2       data     extern D:\Documents de Paul\Cours_ISMEA_-_ISFEN\Conception Produits\Robot 2013_2014\MAP_Cablage_Phase1\Programme_TEST_COMPLET\TEST_COMPLET.c
                   FinAcq   0x0000f3       data     extern D:\Documents de Paul\Cours_ISMEA_-_ISFEN\Conception Produits\Robot 2013_2014\MAP_Cablage_Phase1\Programme_TEST_COMPLET\TEST_COMPLET.c
Send_I2C_Telecom_ASCII_Buf   0x0000f4       data     extern D:\Documents de Paul\Cours_ISMEA_-_ISFEN\Conception Produits\Robot 2013_2014\MAP_Cablage_Phase1\Programme_TEST_COMPLET\TEST_COMPLET.c
                     mode   0x0000fc       data     extern D:\Documents de Paul\Cours_ISMEA_-_ISFEN\Conception Produits\Robot 2013_2014\MAP_Cablage_Phase1\Programme_TEST_COMPLET\TEST_COMPLET.c
                   AffI2C   0x0000fd       data     extern D:\Documents de Paul\Cours_ISMEA_-_ISFEN\Conception Produits\Robot 2013_2014\MAP_Cablage_Phase1\Programme_TEST_COMPLET\TEST_COMPLET.c
                     prom   0x000100       data     static C:\MCC18\src\traditional\startup\c018i.c
                curr_byte   0x000103       data     static C:\MCC18\src\traditional\startup\c018i.c
               curr_entry   0x000105       data     static C:\MCC18\src\traditional\startup\c018i.c
                 data_ptr   0x000107       data     static C:\MCC18\src\traditional\startup\c018i.c
                PORTAbits   0x000f80       data     extern C:\MCC18\src\traditional\proc\p18F2520.asm
                    PORTA   0x000f80       data     extern C:\MCC18\src\traditional\proc\p18F2520.asm
                    PORTB   0x000f81       data     extern C:\MCC18\src\traditional\proc\p18F2520.asm
                PORTBbits   0x000f81       data     extern C:\MCC18\src\traditional\proc\p18F2520.asm
                    PORTC   0x000f82       data     extern C:\MCC18\src\traditional\proc\p18F2520.asm
                PORTCbits   0x000f82       data     extern C:\MCC18\src\traditional\proc\p18F2520.asm
                    PORTE   0x000f84       data     extern C:\MCC18\src\traditional\proc\p18F2520.asm
                PORTEbits   0x000f84       data     extern C:\MCC18\src\traditional\proc\p18F2520.asm
                     LATA   0x000f89       data     extern C:\MCC18\src\traditional\proc\p18F2520.asm
                 LATAbits   0x000f89       data     extern C:\MCC18\src\traditional\proc\p18F2520.asm
                     LATB   0x000f8a       data     extern C:\MCC18\src\traditional\proc\p18F2520.asm
                 LATBbits   0x000f8a       data     extern C:\MCC18\src\traditional\proc\p18F2520.asm
                 LATCbits   0x000f8b       data     extern C:\MCC18\src\traditional\proc\p18F2520.asm
                     LATC   0x000f8b       data     extern C:\MCC18\src\traditional\proc\p18F2520.asm
                TRISAbits   0x000f92       data     extern C:\MCC18\src\traditional\proc\p18F2520.asm
                    TRISA   0x000f92       data     extern C:\MCC18\src\traditional\proc\p18F2520.asm
                 DDRAbits   0x000f92       data     extern C:\MCC18\src\traditional\proc\p18F2520.asm
                     DDRA   0x000f92       data     extern C:\MCC18\src\traditional\proc\p18F2520.asm
                    TRISB   0x000f93       data     extern C:\MCC18\src\traditional\proc\p18F2520.asm
                     DDRB   0x000f93       data     extern C:\MCC18\src\traditional\proc\p18F2520.asm
                TRISBbits   0x000f93       data     extern C:\MCC18\src\traditional\proc\p18F2520.asm
                 DDRBbits   0x000f93       data     extern C:\MCC18\src\traditional\proc\p18F2520.asm
                     DDRC   0x000f94       data     extern C:\MCC18\src\traditional\proc\p18F2520.asm
                 DDRCbits   0x000f94       data     extern C:\MCC18\src\traditional\proc\p18F2520.asm
                TRISCbits   0x000f94       data     extern C:\MCC18\src\traditional\proc\p18F2520.asm
                    TRISC   0x000f94       data     extern C:\MCC18\src\traditional\proc\p18F2520.asm
              OSCTUNEbits   0x000f9b       data     extern C:\MCC18\src\traditional\proc\p18F2520.asm
                  OSCTUNE   0x000f9b       data     extern C:\MCC18\src\traditional\proc\p18F2520.asm
                 PIE1bits   0x000f9d       data     extern C:\MCC18\src\traditional\proc\p18F2520.asm
                     PIE1   0x000f9d       data     extern C:\MCC18\src\traditional\proc\p18F2520.asm
                 PIR1bits   0x000f9e       data     extern C:\MCC18\src\traditional\proc\p18F2520.asm
                     PIR1   0x000f9e       data     extern C:\MCC18\src\traditional\proc\p18F2520.asm
                     IPR1   0x000f9f       data     extern C:\MCC18\src\traditional\proc\p18F2520.asm
                 IPR1bits   0x000f9f       data     extern C:\MCC18\src\traditional\proc\p18F2520.asm
                 PIE2bits   0x000fa0       data     extern C:\MCC18\src\traditional\proc\p18F2520.asm
                     PIE2   0x000fa0       data     extern C:\MCC18\src\traditional\proc\p18F2520.asm
                 PIR2bits   0x000fa1       data     extern C:\MCC18\src\traditional\proc\p18F2520.asm
                     PIR2   0x000fa1       data     extern C:\MCC18\src\traditional\proc\p18F2520.asm
                     IPR2   0x000fa2       data     extern C:\MCC18\src\traditional\proc\p18F2520.asm
                 IPR2bits   0x000fa2       data     extern C:\MCC18\src\traditional\proc\p18F2520.asm
               EECON1bits   0x000fa6       data     extern C:\MCC18\src\traditional\proc\p18F2520.asm
                   EECON1   0x000fa6       data     extern C:\MCC18\src\traditional\proc\p18F2520.asm
                   EECON2   0x000fa7       data     extern C:\MCC18\src\traditional\proc\p18F2520.asm
                   EEDATA   0x000fa8       data     extern C:\MCC18\src\traditional\proc\p18F2520.asm
                    EEADR   0x000fa9       data     extern C:\MCC18\src\traditional\proc\p18F2520.asm
                    RCSTA   0x000fab       data     extern C:\MCC18\src\traditional\proc\p18F2520.asm
                RCSTAbits   0x000fab       data     extern C:\MCC18\src\traditional\proc\p18F2520.asm
                TXSTAbits   0x000fac       data     extern C:\MCC18\src\traditional\proc\p18F2520.asm
                    TXSTA   0x000fac       data     extern C:\MCC18\src\traditional\proc\p18F2520.asm
                    TXREG   0x000fad       data     extern C:\MCC18\src\traditional\proc\p18F2520.asm
                    RCREG   0x000fae       data     extern C:\MCC18\src\traditional\proc\p18F2520.asm
                    SPBRG   0x000faf       data     extern C:\MCC18\src\traditional\proc\p18F2520.asm
                   SPBRGH   0x000fb0       data     extern C:\MCC18\src\traditional\proc\p18F2520.asm
                    T3CON   0x000fb1       data     extern C:\MCC18\src\traditional\proc\p18F2520.asm
                T3CONbits   0x000fb1       data     extern C:\MCC18\src\traditional\proc\p18F2520.asm
                    TMR3L   0x000fb2       data     extern C:\MCC18\src\traditional\proc\p18F2520.asm
                    TMR3H   0x000fb3       data     extern C:\MCC18\src\traditional\proc\p18F2520.asm
                    CMCON   0x000fb4       data     extern C:\MCC18\src\traditional\proc\p18F2520.asm
                CMCONbits   0x000fb4       data     extern C:\MCC18\src\traditional\proc\p18F2520.asm
               CVRCONbits   0x000fb5       data     extern C:\MCC18\src\traditional\proc\p18F2520.asm
                   CVRCON   0x000fb5       data     extern C:\MCC18\src\traditional\proc\p18F2520.asm
              ECCP1ASbits   0x000fb6       data     extern C:\MCC18\src\traditional\proc\p18F2520.asm
                  ECCP1AS   0x000fb6       data     extern C:\MCC18\src\traditional\proc\p18F2520.asm
              PWM1CONbits   0x000fb7       data     extern C:\MCC18\src\traditional\proc\p18F2520.asm
                  PWM1CON   0x000fb7       data     extern C:\MCC18\src\traditional\proc\p18F2520.asm
              BAUDCTLbits   0x000fb8       data     extern C:\MCC18\src\traditional\proc\p18F2520.asm
                  BAUDCON   0x000fb8       data     extern C:\MCC18\src\traditional\proc\p18F2520.asm
              BAUDCONbits   0x000fb8       data     extern C:\MCC18\src\traditional\proc\p18F2520.asm
                  BAUDCTL   0x000fb8       data     extern C:\MCC18\src\traditional\proc\p18F2520.asm
                  CCP2CON   0x000fba       data     extern C:\MCC18\src\traditional\proc\p18F2520.asm
              CCP2CONbits   0x000fba       data     extern C:\MCC18\src\traditional\proc\p18F2520.asm
                   CCPR2L   0x000fbb       data     extern C:\MCC18\src\traditional\proc\p18F2520.asm
                    CCPR2   0x000fbb       data     extern C:\MCC18\src\traditional\proc\p18F2520.asm
                   CCPR2H   0x000fbc       data     extern C:\MCC18\src\traditional\proc\p18F2520.asm
                  CCP1CON   0x000fbd       data     extern C:\MCC18\src\traditional\proc\p18F2520.asm
              CCP1CONbits   0x000fbd       data     extern C:\MCC18\src\traditional\proc\p18F2520.asm
                   CCPR1L   0x000fbe       data     extern C:\MCC18\src\traditional\proc\p18F2520.asm
                    CCPR1   0x000fbe       data     extern C:\MCC18\src\traditional\proc\p18F2520.asm
                   CCPR1H   0x000fbf       data     extern C:\MCC18\src\traditional\proc\p18F2520.asm
                   ADCON2   0x000fc0       data     extern C:\MCC18\src\traditional\proc\p18F2520.asm
               ADCON2bits   0x000fc0       data     extern C:\MCC18\src\traditional\proc\p18F2520.asm
                   ADCON1   0x000fc1       data     extern C:\MCC18\src\traditional\proc\p18F2520.asm
               ADCON1bits   0x000fc1       data     extern C:\MCC18\src\traditional\proc\p18F2520.asm
                   ADCON0   0x000fc2       data     extern C:\MCC18\src\traditional\proc\p18F2520.asm
               ADCON0bits   0x000fc2       data     extern C:\MCC18\src\traditional\proc\p18F2520.asm
                    ADRES   0x000fc3       data     extern C:\MCC18\src\traditional\proc\p18F2520.asm
                   ADRESL   0x000fc3       data     extern C:\MCC18\src\traditional\proc\p18F2520.asm
                   ADRESH   0x000fc4       data     extern C:\MCC18\src\traditional\proc\p18F2520.asm
              SSPCON2bits   0x000fc5       data     extern C:\MCC18\src\traditional\proc\p18F2520.asm
                  SSPCON2   0x000fc5       data     extern C:\MCC18\src\traditional\proc\p18F2520.asm
              SSPCON1bits   0x000fc6       data     extern C:\MCC18\src\traditional\proc\p18F2520.asm
                  SSPCON1   0x000fc6       data     extern C:\MCC18\src\traditional\proc\p18F2520.asm
              SSPSTATbits   0x000fc7       data     extern C:\MCC18\src\traditional\proc\p18F2520.asm
                  SSPSTAT   0x000fc7       data     extern C:\MCC18\src\traditional\proc\p18F2520.asm
                   SSPADD   0x000fc8       data     extern C:\MCC18\src\traditional\proc\p18F2520.asm
                   SSPBUF   0x000fc9       data     extern C:\MCC18\src\traditional\proc\p18F2520.asm
                T2CONbits   0x000fca       data     extern C:\MCC18\src\traditional\proc\p18F2520.asm
                    T2CON   0x000fca       data     extern C:\MCC18\src\traditional\proc\p18F2520.asm
                      PR2   0x000fcb       data     extern C:\MCC18\src\traditional\proc\p18F2520.asm
                     TMR2   0x000fcc       data     extern C:\MCC18\src\traditional\proc\p18F2520.asm
                T1CONbits   0x000fcd       data     extern C:\MCC18\src\traditional\proc\p18F2520.asm
                    T1CON   0x000fcd       data     extern C:\MCC18\src\traditional\proc\p18F2520.asm
                    TMR1L   0x000fce       data     extern C:\MCC18\src\traditional\proc\p18F2520.asm
                    TMR1H   0x000fcf       data     extern C:\MCC18\src\traditional\proc\p18F2520.asm
                     RCON   0x000fd0       data     extern C:\MCC18\src\traditional\proc\p18F2520.asm
                 RCONbits   0x000fd0       data     extern C:\MCC18\src\traditional\proc\p18F2520.asm
               WDTCONbits   0x000fd1       data     extern C:\MCC18\src\traditional\proc\p18F2520.asm
                   WDTCON   0x000fd1       data     extern C:\MCC18\src\traditional\proc\p18F2520.asm
              HLVDCONbits   0x000fd2       data     extern C:\MCC18\src\traditional\proc\p18F2520.asm
                  HLVDCON   0x000fd2       data     extern C:\MCC18\src\traditional\proc\p18F2520.asm
               LVDCONbits   0x000fd2       data     extern C:\MCC18\src\traditional\proc\p18F2520.asm
                   LVDCON   0x000fd2       data     extern C:\MCC18\src\traditional\proc\p18F2520.asm
                   OSCCON   0x000fd3       data     extern C:\MCC18\src\traditional\proc\p18F2520.asm
               OSCCONbits   0x000fd3       data     extern C:\MCC18\src\traditional\proc\p18F2520.asm
                T0CONbits   0x000fd5       data     extern C:\MCC18\src\traditional\proc\p18F2520.asm
                    T0CON   0x000fd5       data     extern C:\MCC18\src\traditional\proc\p18F2520.asm
                    TMR0L   0x000fd6       data     extern C:\MCC18\src\traditional\proc\p18F2520.asm
                    TMR0H   0x000fd7       data     extern C:\MCC18\src\traditional\proc\p18F2520.asm
                   STATUS   0x000fd8       data     extern C:\MCC18\src\traditional\proc\p18F2520.asm
               STATUSbits   0x000fd8       data     extern C:\MCC18\src\traditional\proc\p18F2520.asm
                    FSR2L   0x000fd9       data     extern C:\MCC18\src\traditional\proc\p18F2520.asm
                     FSR2   0x000fd9       data     extern C:\MCC18\src\traditional\proc\p18F2520.asm
                    FSR2H   0x000fda       data     extern C:\MCC18\src\traditional\proc\p18F2520.asm
                   PLUSW2   0x000fdb       data     extern C:\MCC18\src\traditional\proc\p18F2520.asm
                  PREINC2   0x000fdc       data     extern C:\MCC18\src\traditional\proc\p18F2520.asm
                 POSTDEC2   0x000fdd       data     extern C:\MCC18\src\traditional\proc\p18F2520.asm
                 POSTINC2   0x000fde       data     extern C:\MCC18\src\traditional\proc\p18F2520.asm
                    INDF2   0x000fdf       data     extern C:\MCC18\src\traditional\proc\p18F2520.asm
                      BSR   0x000fe0       data     extern C:\MCC18\src\traditional\proc\p18F2520.asm
                    FSR1L   0x000fe1       data     extern C:\MCC18\src\traditional\proc\p18F2520.asm
                     FSR1   0x000fe1       data     extern C:\MCC18\src\traditional\proc\p18F2520.asm
                    FSR1H   0x000fe2       data     extern C:\MCC18\src\traditional\proc\p18F2520.asm
                   PLUSW1   0x000fe3       data     extern C:\MCC18\src\traditional\proc\p18F2520.asm
                  PREINC1   0x000fe4       data     extern C:\MCC18\src\traditional\proc\p18F2520.asm
                 POSTDEC1   0x000fe5       data     extern C:\MCC18\src\traditional\proc\p18F2520.asm
                 POSTINC1   0x000fe6       data     extern C:\MCC18\src\traditional\proc\p18F2520.asm
                    INDF1   0x000fe7       data     extern C:\MCC18\src\traditional\proc\p18F2520.asm
                     WREG   0x000fe8       data     extern C:\MCC18\src\traditional\proc\p18F2520.asm
                        W   0x000fe8       data     extern C:\MCC18\src\traditional\proc\p18F2520.asm
                    FSR0L   0x000fe9       data     extern C:\MCC18\src\traditional\proc\p18F2520.asm
                     FSR0   0x000fe9       data     extern C:\MCC18\src\traditional\proc\p18F2520.asm
                    FSR0H   0x000fea       data     extern C:\MCC18\src\traditional\proc\p18F2520.asm
                   PLUSW0   0x000feb       data     extern C:\MCC18\src\traditional\proc\p18F2520.asm
                  PREINC0   0x000fec       data     extern C:\MCC18\src\traditional\proc\p18F2520.asm
                 POSTDEC0   0x000fed       data     extern C:\MCC18\src\traditional\proc\p18F2520.asm
                 POSTINC0   0x000fee       data     extern C:\MCC18\src\traditional\proc\p18F2520.asm
                    INDF0   0x000fef       data     extern C:\MCC18\src\traditional\proc\p18F2520.asm
              INTCON3bits   0x000ff0       data     extern C:\MCC18\src\traditional\proc\p18F2520.asm
                  INTCON3   0x000ff0       data     extern C:\MCC18\src\traditional\proc\p18F2520.asm
              INTCON2bits   0x000ff1       data     extern C:\MCC18\src\traditional\proc\p18F2520.asm
                  INTCON2   0x000ff1       data     extern C:\MCC18\src\traditional\proc\p18F2520.asm
               INTCONbits   0x000ff2       data     extern C:\MCC18\src\traditional\proc\p18F2520.asm
                   INTCON   0x000ff2       data     extern C:\MCC18\src\traditional\proc\p18F2520.asm
                     PROD   0x000ff3       data     extern C:\MCC18\src\traditional\proc\p18F2520.asm
                    PRODL   0x000ff3       data     extern C:\MCC18\src\traditional\proc\p18F2520.asm
                    PRODH   0x000ff4       data     extern C:\MCC18\src\traditional\proc\p18F2520.asm
                   TABLAT   0x000ff5       data     extern C:\MCC18\src\traditional\proc\p18F2520.asm
                   TBLPTR   0x000ff6       data     extern C:\MCC18\src\traditional\proc\p18F2520.asm
                  TBLPTRL   0x000ff6       data     extern C:\MCC18\src\traditional\proc\p18F2520.asm
                  TBLPTRH   0x000ff7       data     extern C:\MCC18\src\traditional\proc\p18F2520.asm
                  TBLPTRU   0x000ff8       data     extern C:\MCC18\src\traditional\proc\p18F2520.asm
                      PCL   0x000ff9       data     extern C:\MCC18\src\traditional\proc\p18F2520.asm
                       PC   0x000ff9       data     extern C:\MCC18\src\traditional\proc\p18F2520.asm
                   PCLATH   0x000ffa       data     extern C:\MCC18\src\traditional\proc\p18F2520.asm
                   PCLATU   0x000ffb       data     extern C:\MCC18\src\traditional\proc\p18F2520.asm
               STKPTRbits   0x000ffc       data     extern C:\MCC18\src\traditional\proc\p18F2520.asm
                   STKPTR   0x000ffc       data     extern C:\MCC18\src\traditional\proc\p18F2520.asm
                      TOS   0x000ffd       data     extern C:\MCC18\src\traditional\proc\p18F2520.asm
                     TOSL   0x000ffd       data     extern C:\MCC18\src\traditional\proc\p18F2520.asm
                     TOSH   0x000ffe       data     extern C:\MCC18\src\traditional\proc\p18F2520.asm
                     TOSU   0x000fff       data     extern C:\MCC18\src\traditional\proc\p18F2520.asm


